Archive member included to satisfy reference by file (symbol)

../../../../../libopencm3//lib/libopencm3_stm32f4.a(gpio_common_all.o)
                              spi-mems.o (gpio_set)
../../../../../libopencm3//lib/libopencm3_stm32f4.a(gpio_common_f0234.o)
                              console.o (gpio_mode_setup)
../../../../../libopencm3//lib/libopencm3_stm32f4.a(rcc_common_all.o)
                              console.o (rcc_periph_clock_enable)
../../../../../libopencm3//lib/libopencm3_stm32f4.a(rcc.o)
                              spi-mems.o (rcc_wait_for_osc_ready)
../../../../../libopencm3//lib/libopencm3_stm32f4.a(spi_common_all.o)
                              spi-mems.o (spi_enable)
../../../../../libopencm3//lib/libopencm3_stm32f4.a(spi_common_v1.o)
                              spi-mems.o (spi_set_dff_8bit)
../../../../../libopencm3//lib/libopencm3_stm32f4.a(usart_common_all.o)
                              console.o (usart_set_baudrate)
../../../../../libopencm3//lib/libopencm3_stm32f4.a(usart_common_f124.o)
                              ../../../../../libopencm3//lib/libopencm3_stm32f4.a(usart_common_all.o) (usart_send)
../../../../../libopencm3//lib/libopencm3_stm32f4.a(vector.o)
                              (reset_handler)
../../../../../libopencm3//lib/libopencm3_stm32f4.a(systick.o)
                              clock.o (systick_set_reload)
../../../../../libopencm3//lib/libopencm3_stm32f4.a(scb.o)
                              console.o (scb_reset_system)
../../../../../libopencm3//lib/libopencm3_stm32f4.a(nvic.o)
                              console.o (nvic_enable_irq)
../../../../../libopencm3//lib/libopencm3_stm32f4.a(flash_common_all.o)
                              ../../../../../libopencm3//lib/libopencm3_stm32f4.a(rcc.o) (flash_set_ws)
../../../../../libopencm3//lib/libopencm3_stm32f4.a(flash_common_idcache.o)
                              ../../../../../libopencm3//lib/libopencm3_stm32f4.a(rcc.o) (flash_dcache_enable)
../../../../../libopencm3//lib/libopencm3_stm32f4.a(pwr.o)
                              ../../../../../libopencm3//lib/libopencm3_stm32f4.a(rcc.o) (pwr_set_vos_scale)

Discarded input sections

 .group         0x0000000000000000        0xc clock.o
 .group         0x0000000000000000        0xc clock.o
 .group         0x0000000000000000        0xc clock.o
 .group         0x0000000000000000        0xc clock.o
 .group         0x0000000000000000        0xc clock.o
 .group         0x0000000000000000        0xc clock.o
 .group         0x0000000000000000        0xc clock.o
 .group         0x0000000000000000        0xc clock.o
 .group         0x0000000000000000        0xc clock.o
 .group         0x0000000000000000        0xc clock.o
 .group         0x0000000000000000        0xc clock.o
 .group         0x0000000000000000        0xc clock.o
 .group         0x0000000000000000        0xc clock.o
 .text          0x0000000000000000        0x0 clock.o
 .data          0x0000000000000000        0x0 clock.o
 .bss           0x0000000000000000        0x0 clock.o
 .text.msleep   0x0000000000000000       0x14 clock.o
 .text.mtime    0x0000000000000000        0xc clock.o
 .text.clock_setup
                0x0000000000000000       0x28 clock.o
 .group         0x0000000000000000        0xc console.o
 .group         0x0000000000000000        0xc console.o
 .group         0x0000000000000000        0xc console.o
 .group         0x0000000000000000        0xc console.o
 .group         0x0000000000000000        0xc console.o
 .group         0x0000000000000000        0xc console.o
 .group         0x0000000000000000        0xc console.o
 .group         0x0000000000000000        0xc console.o
 .group         0x0000000000000000        0xc console.o
 .group         0x0000000000000000        0xc console.o
 .group         0x0000000000000000        0xc console.o
 .group         0x0000000000000000        0xc console.o
 .group         0x0000000000000000        0xc console.o
 .group         0x0000000000000000        0xc console.o
 .group         0x0000000000000000        0xc console.o
 .group         0x0000000000000000        0xc console.o
 .group         0x0000000000000000        0xc console.o
 .group         0x0000000000000000        0xc console.o
 .group         0x0000000000000000        0xc console.o
 .group         0x0000000000000000        0xc console.o
 .group         0x0000000000000000        0xc console.o
 .group         0x0000000000000000        0xc console.o
 .group         0x0000000000000000        0xc console.o
 .group         0x0000000000000000        0xc console.o
 .group         0x0000000000000000        0xc console.o
 .group         0x0000000000000000        0xc console.o
 .group         0x0000000000000000        0xc console.o
 .group         0x0000000000000000        0xc console.o
 .text          0x0000000000000000        0x0 console.o
 .data          0x0000000000000000        0x0 console.o
 .bss           0x0000000000000000        0x0 console.o
 .text.console_putc
[...]
Memory Configuration

Name             Origin             Length             Attributes
rom              0x0000000008000000 0x0000000000200000 xr
ccm              0x0000000010000000 0x0000000000010000 xrw
ram              0x0000000020000000 0x0000000000030000 xrw
*default*        0x0000000000000000 0xffffffffffffffff

Linker script and memory map

LOAD clock.o
LOAD console.o
LOAD spi-mems.o
LOAD ../../../../../libopencm3//lib/libopencm3_stm32f4.a
START GROUP
LOAD /usr/lib/gcc/arm-none-eabi/10.3.1/../../../arm-none-eabi/lib/thumb/v7e-m+fp/hard/libc.a
LOAD /usr/lib/gcc/arm-none-eabi/10.3.1/thumb/v7e-m+fp/hard/libgcc.a
LOAD /usr/lib/gcc/arm-none-eabi/10.3.1/../../../arm-none-eabi/lib/thumb/v7e-m+fp/hard/libnosys.a
END GROUP
START GROUP
LOAD /usr/lib/gcc/arm-none-eabi/10.3.1/thumb/v7e-m+fp/hard/libgcc.a
LOAD /usr/lib/gcc/arm-none-eabi/10.3.1/../../../arm-none-eabi/lib/thumb/v7e-m+fp/hard/libg.a
LOAD /usr/lib/gcc/arm-none-eabi/10.3.1/../../../arm-none-eabi/lib/thumb/v7e-m+fp/hard/libc.a
END GROUP

.text           0x0000000008000000      0x8c8
 *(.vectors)
 .vectors       0x0000000008000000      0x1ac ../../../../../libopencm3//lib/libopencm3_stm32f4.a(vector.o)
                0x0000000008000000                vector_table
 *(.text*)
 .text.sys_tick_handler
                0x00000000080001ac       0x10 clock.o
                0x00000000080001ac                sys_tick_handler
 .text.usart1_isr
                0x00000000080001bc       0x54 console.o
                0x00000000080001bc                usart1_isr
 .text.usart_print
                0x0000000008000210       0x1c spi-mems.o
 .text.usart_print_int
                0x000000000800022c       0x48 spi-mems.o
 .text.write_register
                0x0000000008000274       0x44 spi-mems.o
                0x0000000008000274                write_register
 .text.read_register
                0x00000000080002b8       0x44 spi-mems.o
                0x00000000080002b8                read_register
 .text.read_axis
                0x00000000080002fc       0x18 spi-mems.o
                0x00000000080002fc                read_axis
 .text.calibrate_gyroscope
                0x0000000008000314       0x64 spi-mems.o
                0x0000000008000314                calibrate_gyroscope
 .text.startup.main
                0x0000000008000378      0x1b8 spi-mems.o
                0x0000000008000378                main
 .text.gpio_set
                0x0000000008000530        0x4 ../../../../../libopencm3//lib/libopencm3_stm32f4.a(gpio_common_all.o)
                0x0000000008000530                gpio_set
 .text.gpio_clear
                0x0000000008000534        0x6 ../../../../../libopencm3//lib/libopencm3_stm32f4.a(gpio_common_all.o)
                0x0000000008000534                gpio_clear
 .text.gpio_mode_setup
                0x000000000800053a       0x40 ../../../../../libopencm3//lib/libopencm3_stm32f4.a(gpio_common_f0234.o)
                0x000000000800053a                gpio_mode_setup
 .text.gpio_set_af
                0x000000000800057a       0x58 ../../../../../libopencm3//lib/libopencm3_stm32f4.a(gpio_common_f0234.o)
                0x000000000800057a                gpio_set_af
 .text.rcc_periph_clock_enable
                0x00000000080005d2       0x1c ../../../../../libopencm3//lib/libopencm3_stm32f4.a(rcc_common_all.o)
                0x00000000080005d2                rcc_periph_clock_enable
 *fill*         0x00000000080005ee        0x2 
 .text.rcc_is_osc_ready
                0x00000000080005f0       0x64 ../../../../../libopencm3//lib/libopencm3_stm32f4.a(rcc.o)
                0x00000000080005f0                rcc_is_osc_ready
 .text.rcc_wait_for_osc_ready
                0x0000000008000654       0x10 ../../../../../libopencm3//lib/libopencm3_stm32f4.a(rcc.o)
                0x0000000008000654                rcc_wait_for_osc_ready
 .text.rcc_osc_on
                0x0000000008000664       0x74 ../../../../../libopencm3//lib/libopencm3_stm32f4.a(rcc.o)
                0x0000000008000664                rcc_osc_on
 .text.rcc_set_sysclk_source
                0x00000000080006d8       0x18 ../../../../../libopencm3//lib/libopencm3_stm32f4.a(rcc.o)
                0x00000000080006d8                rcc_set_sysclk_source
 .text.spi_enable
                0x00000000080006f0        0xa ../../../../../libopencm3//lib/libopencm3_stm32f4.a(spi_common_all.o)
                0x00000000080006f0                spi_enable
 .text.spi_send
                0x00000000080006fa        0xa ../../../../../libopencm3//lib/libopencm3_stm32f4.a(spi_common_all.o)
                0x00000000080006fa                spi_send
 .text.spi_read
                0x0000000008000704        0xc ../../../../../libopencm3//lib/libopencm3_stm32f4.a(spi_common_all.o)
                0x0000000008000704                spi_read
 .text.spi_enable_software_slave_management
                0x0000000008000710       0x12 ../../../../../libopencm3//lib/libopencm3_stm32f4.a(spi_common_all.o)
                0x0000000008000710                spi_enable_software_slave_management
 .text.spi_set_nss_high
                0x0000000008000722        0xa ../../../../../libopencm3//lib/libopencm3_stm32f4.a(spi_common_all.o)
                0x0000000008000722                spi_set_nss_high
 .text.spi_set_baudrate_prescaler
                0x000000000800072c       0x16 ../../../../../libopencm3//lib/libopencm3_stm32f4.a(spi_common_all.o)
                0x000000000800072c                spi_set_baudrate_prescaler
 .text.spi_set_master_mode
                0x0000000008000742        0xa ../../../../../libopencm3//lib/libopencm3_stm32f4.a(spi_common_all.o)
                0x0000000008000742                spi_set_master_mode
 .text.spi_set_clock_polarity_0
                0x000000000800074c        0xa ../../../../../libopencm3//lib/libopencm3_stm32f4.a(spi_common_all.o)
                0x000000000800074c                spi_set_clock_polarity_0
 .text.spi_set_clock_phase_0
                0x0000000008000756        0xa ../../../../../libopencm3//lib/libopencm3_stm32f4.a(spi_common_all.o)
                0x0000000008000756                spi_set_clock_phase_0
 .text.spi_set_dff_8bit
                0x0000000008000760        0xa ../../../../../libopencm3//lib/libopencm3_stm32f4.a(spi_common_v1.o)
                0x0000000008000760                spi_set_dff_8bit
 *fill*         0x000000000800076a        0x2 
 .text.usart_set_baudrate
                0x000000000800076c       0x2c ../../../../../libopencm3//lib/libopencm3_stm32f4.a(usart_common_all.o)
                0x000000000800076c                usart_set_baudrate
 .text.usart_set_databits
                0x0000000008000798       0x12 ../../../../../libopencm3//lib/libopencm3_stm32f4.a(usart_common_all.o)
                0x0000000008000798                usart_set_databits
 .text.usart_set_stopbits
                0x00000000080007aa        0xc ../../../../../libopencm3//lib/libopencm3_stm32f4.a(usart_common_all.o)
                0x00000000080007aa                usart_set_stopbits
 .text.usart_set_parity
                0x00000000080007b6        0xc ../../../../../libopencm3//lib/libopencm3_stm32f4.a(usart_common_all.o)
                0x00000000080007b6                usart_set_parity
 .text.usart_set_mode
                0x00000000080007c2        0xc ../../../../../libopencm3//lib/libopencm3_stm32f4.a(usart_common_all.o)
                0x00000000080007c2                usart_set_mode
 .text.usart_set_flow_control
                0x00000000080007ce        0xc ../../../../../libopencm3//lib/libopencm3_stm32f4.a(usart_common_all.o)
                0x00000000080007ce                usart_set_flow_control
 .text.usart_enable
                0x00000000080007da        0xa ../../../../../libopencm3//lib/libopencm3_stm32f4.a(usart_common_all.o)
                0x00000000080007da                usart_enable
 .text.usart_send_blocking
                0x00000000080007e4       0x18 ../../../../../libopencm3//lib/libopencm3_stm32f4.a(usart_common_all.o)
                0x00000000080007e4                usart_send_blocking
 .text.usart_send
                0x00000000080007fc        0x8 ../../../../../libopencm3//lib/libopencm3_stm32f4.a(usart_common_f124.o)
                0x00000000080007fc                usart_send
 .text.usart_wait_send_ready
                0x0000000008000804        0x8 ../../../../../libopencm3//lib/libopencm3_stm32f4.a(usart_common_f124.o)
                0x0000000008000804                usart_wait_send_ready
 .text.blocking_handler
                0x000000000800080c        0x2 ../../../../../libopencm3//lib/libopencm3_stm32f4.a(vector.o)
                0x000000000800080c                dma2_stream1_isr
                0x000000000800080c                tim8_brk_tim12_isr
                0x000000000800080c                dma1_stream7_isr
                0x000000000800080c                usart3_isr
                0x000000000800080c                tim7_isr
                0x000000000800080c                dma2d_isr
                0x000000000800080c                uart8_isr
                0x000000000800080c                dma1_stream2_isr
                0x000000000800080c                otg_hs_isr
                0x000000000800080c                blocking_handler
                0x000000000800080c                tim5_isr
                0x000000000800080c                rtc_wkup_isr
                0x000000000800080c                otg_fs_isr
                0x000000000800080c                spi1_isr
                0x000000000800080c                i2c3_er_isr
                0x000000000800080c                exti2_isr
                0x000000000800080c                spi5_isr
                0x000000000800080c                usb_fs_wkup_isr
                0x000000000800080c                tamp_stamp_isr
                0x000000000800080c                can1_rx1_isr
                0x000000000800080c                dma2_stream0_isr
                0x000000000800080c                i2c3_ev_isr
                0x000000000800080c                usage_fault_handler
                0x000000000800080c                can2_rx0_isr
                0x000000000800080c                dma1_stream6_isr
                0x000000000800080c                can2_rx1_isr
                0x000000000800080c                can1_sce_isr
                0x000000000800080c                tim1_cc_isr
                0x000000000800080c                can1_tx_isr
                0x000000000800080c                tim1_up_tim10_isr
                0x000000000800080c                sdio_isr
                0x000000000800080c                eth_isr
                0x000000000800080c                spi6_isr
                0x000000000800080c                dma2_stream5_isr
                0x000000000800080c                pvd_isr
                0x000000000800080c                can1_rx0_isr
                0x000000000800080c                rcc_isr
                0x000000000800080c                dma2_stream3_isr
                0x000000000800080c                flash_isr
                0x000000000800080c                uart4_isr
                0x000000000800080c                lcd_tft_isr
                0x000000000800080c                rtc_alarm_isr
                0x000000000800080c                exti15_10_isr
                0x000000000800080c                hash_rng_isr
                0x000000000800080c                tim1_trg_com_tim11_isr
                0x000000000800080c                hard_fault_handler
                0x000000000800080c                exti1_isr
                0x000000000800080c                i2c1_ev_isr
                0x000000000800080c                usart6_isr
                0x000000000800080c                spi2_isr
                0x000000000800080c                cryp_isr
                0x000000000800080c                nvic_wwdg_isr
                0x000000000800080c                dma1_stream1_isr
                0x000000000800080c                dma2_stream4_isr
                0x000000000800080c                exti3_isr
                0x000000000800080c                tim3_isr
                0x000000000800080c                usart2_isr
                0x000000000800080c                sai1_isr
                0x000000000800080c                fpu_isr
                0x000000000800080c                dma1_stream4_isr
                0x000000000800080c                i2c2_er_isr
                0x000000000800080c                i2c2_ev_isr
                0x000000000800080c                uart5_isr
                0x000000000800080c                dma2_stream6_isr
                0x000000000800080c                spi4_isr
                0x000000000800080c                adc_isr
                0x000000000800080c                dma2_stream7_isr
                0x000000000800080c                tim8_up_tim13_isr
                0x000000000800080c                fsmc_isr
                0x000000000800080c                exti4_isr
                0x000000000800080c                tim6_dac_isr
                0x000000000800080c                dma1_stream3_isr
                0x000000000800080c                tim8_trg_com_tim14_isr
                0x000000000800080c                mem_manage_handler
                0x000000000800080c                lcd_tft_err_isr
                0x000000000800080c                can2_tx_isr
                0x000000000800080c                exti9_5_isr
                0x000000000800080c                tim1_brk_tim9_isr
                0x000000000800080c                uart7_isr
                0x000000000800080c                can2_sce_isr
                0x000000000800080c                tim4_isr
                0x000000000800080c                otg_hs_wkup_isr
                0x000000000800080c                i2c1_er_isr
                0x000000000800080c                dma1_stream0_isr
                0x000000000800080c                tim8_cc_isr
                0x000000000800080c                dcmi_isr
                0x000000000800080c                dma2_stream2_isr
                0x000000000800080c                eth_wkup_isr
                0x000000000800080c                bus_fault_handler
                0x000000000800080c                otg_hs_ep1_out_isr
                0x000000000800080c                spi3_isr
                0x000000000800080c                dma1_stream5_isr
                0x000000000800080c                otg_hs_ep1_in_isr
                0x000000000800080c                tim2_isr
                0x000000000800080c                exti0_isr
 .text.null_handler
                0x000000000800080e        0x2 ../../../../../libopencm3//lib/libopencm3_stm32f4.a(vector.o)
                0x000000000800080e                null_handler
                0x000000000800080e                sv_call_handler
                0x000000000800080e                pend_sv_handler
                0x000000000800080e                debug_monitor_handler
                0x000000000800080e                nmi_handler
 .text.reset_handler
                0x0000000008000810       0xa0 ../../../../../libopencm3//lib/libopencm3_stm32f4.a(vector.o)
                0x0000000008000810                reset_handler
 .text.scb_reset_system
                0x00000000080008b0       0x10 ../../../../../libopencm3//lib/libopencm3_stm32f4.a(scb.o)
                0x00000000080008b0                scb_reset_system
                0x00000000080008c0                . = ALIGN (0x4)
 *(.rodata*)
 .rodata.main.str1.1
                0x00000000080008c0        0x5 spi-mems.o
                0x00000000080008c8                . = ALIGN (0x4)
 *fill*         0x00000000080008c5        0x3 

.glue_7         0x00000000080008c8        0x0
 .glue_7        0x00000000080008c8        0x0 linker stubs

.glue_7t        0x00000000080008c8        0x0
 .glue_7t       0x00000000080008c8        0x0 linker stubs

.vfp11_veneer   0x00000000080008c8        0x0
 .vfp11_veneer  0x00000000080008c8        0x0 linker stubs

.v4_bx          0x00000000080008c8        0x0
 .v4_bx         0x00000000080008c8        0x0 linker stubs

.iplt           0x00000000080008c8        0x0
 .iplt          0x00000000080008c8        0x0 clock.o

.rel.dyn        0x00000000080008c8        0x0
 .rel.iplt      0x00000000080008c8        0x0 clock.o

.preinit_array  0x00000000080008c8        0x0
                0x00000000080008c8                . = ALIGN (0x4)
                0x00000000080008c8                __preinit_array_start = .
 *(.preinit_array)
                0x00000000080008c8                __preinit_array_end = .

.init_array     0x00000000080008c8        0x0
                0x00000000080008c8                . = ALIGN (0x4)
                0x00000000080008c8                __init_array_start = .
 *(SORT_BY_NAME(.init_array.*))
 *(.init_array)
                0x00000000080008c8                __init_array_end = .

.fini_array     0x00000000080008c8        0x0
                0x00000000080008c8                . = ALIGN (0x4)
                0x00000000080008c8                __fini_array_start = .
 *(.fini_array)
 *(SORT_BY_NAME(.fini_array.*))
                0x00000000080008c8                __fini_array_end = .

.ARM.extab
 *(.ARM.extab*)

.ARM.exidx      0x00000000080008c8        0x0
                0x00000000080008c8                __exidx_start = .
 *(.ARM.exidx*)
                0x00000000080008c8                __exidx_end = .
                0x00000000080008c8                . = ALIGN (0x4)
                0x00000000080008c8                _etext = .

.noinit
 *(.noinit*)
                0x00000000080008c8                . = ALIGN (0x4)

.data           0x0000000020000000        0x8 load address 0x00000000080008c8
                0x0000000020000000                _data = .
 *(.data*)
 .data.rcc_apb1_frequency
                0x0000000020000000        0x4 ../../../../../libopencm3//lib/libopencm3_stm32f4.a(rcc.o)
                0x0000000020000000                rcc_apb1_frequency
 .data.rcc_apb2_frequency
                0x0000000020000004        0x4 ../../../../../libopencm3//lib/libopencm3_stm32f4.a(rcc.o)
                0x0000000020000004                rcc_apb2_frequency
 *(.ramtext*)
                0x0000000020000008                . = ALIGN (0x4)
                0x0000000020000008                _edata = .
                0x00000000080008c8                _data_loadaddr = LOADADDR (.data)

.igot.plt       0x0000000020000008        0x0 load address 0x00000000080008d0
 .igot.plt      0x0000000020000008        0x0 clock.o

.bss            0x0000000020000008       0x94 load address 0x00000000080008d0
 *(.bss*)
 .bss.system_millis
                0x0000000020000008        0x4 clock.o
 .bss.recv_buf  0x000000002000000c       0x80 console.o
                0x000000002000000c                recv_buf
 .bss.recv_ndx_cur
                0x000000002000008c        0x4 console.o
                0x000000002000008c                recv_ndx_cur
 .bss.recv_ndx_nxt
                0x0000000020000090        0x4 console.o
                0x0000000020000090                recv_ndx_nxt
 .bss.x_baseline
                0x0000000020000094        0x2 spi-mems.o
                0x0000000020000094                x_baseline
 .bss.y_baseline
                0x0000000020000096        0x2 spi-mems.o
                0x0000000020000096                y_baseline
 .bss.z_baseline
                0x0000000020000098        0x2 spi-mems.o
                0x0000000020000098                z_baseline
 *(COMMON)
                0x000000002000009c                . = ALIGN (0x4)
 *fill*         0x000000002000009a        0x2 
                0x000000002000009c                _ebss = .

/DISCARD/
 *(.eh_frame)
                0x000000002000009c                . = ALIGN (0x4)
                0x000000002000009c                end = .
                0x0000000020030000                PROVIDE (_stack = (ORIGIN (ram) + LENGTH (ram)))
OUTPUT(spi-mems.elf elf32-littlearm)
LOAD linker stubs

.debug_info     0x0000000000000000     0x4d86
 .debug_info    0x0000000000000000      0x2fc clock.o
 .debug_info    0x00000000000002fc      0x947 console.o
 .debug_info    0x0000000000000c43      0xf0b spi-mems.o
 .debug_info    0x0000000000001b4e      0x24e ../../../../../libopencm3//lib/libopencm3_stm32f4.a(gpio_common_all.o)
 .debug_info    0x0000000000001d9c      0x20f ../../../../../libopencm3//lib/libopencm3_stm32f4.a(gpio_common_f0234.o)
 .debug_info    0x0000000000001fab      0x950 ../../../../../libopencm3//lib/libopencm3_stm32f4.a(rcc_common_all.o)
 .debug_info    0x00000000000028fb     0x1027 ../../../../../libopencm3//lib/libopencm3_stm32f4.a(rcc.o)
 .debug_info    0x0000000000003922      0x81c ../../../../../libopencm3//lib/libopencm3_stm32f4.a(spi_common_all.o)
 .debug_info    0x000000000000413e      0x15e ../../../../../libopencm3//lib/libopencm3_stm32f4.a(spi_common_v1.o)
 .debug_info    0x000000000000429c      0x5ac ../../../../../libopencm3//lib/libopencm3_stm32f4.a(usart_common_all.o)
 .debug_info    0x0000000000004848      0x186 ../../../../../libopencm3//lib/libopencm3_stm32f4.a(usart_common_f124.o)
 .debug_info    0x00000000000049ce      0x2e6 ../../../../../libopencm3//lib/libopencm3_stm32f4.a(vector.o)
 .debug_info    0x0000000000004cb4       0xd2 ../../../../../libopencm3//lib/libopencm3_stm32f4.a(scb.o)

.debug_abbrev   0x0000000000000000     0x11c2
 .debug_abbrev  0x0000000000000000      0x1a7 clock.o
 .debug_abbrev  0x00000000000001a7      0x1f7 console.o
 .debug_abbrev  0x000000000000039e      0x1f3 spi-mems.o
 .debug_abbrev  0x0000000000000591      0x116 ../../../../../libopencm3//lib/libopencm3_stm32f4.a(gpio_common_all.o)
 .debug_abbrev  0x00000000000006a7       0xbf ../../../../../libopencm3//lib/libopencm3_stm32f4.a(gpio_common_f0234.o)
 .debug_abbrev  0x0000000000000766      0x177 ../../../../../libopencm3//lib/libopencm3_stm32f4.a(rcc_common_all.o)
 .debug_abbrev  0x00000000000008dd      0x2ba ../../../../../libopencm3//lib/libopencm3_stm32f4.a(rcc.o)
 .debug_abbrev  0x0000000000000b97      0x197 ../../../../../libopencm3//lib/libopencm3_stm32f4.a(spi_common_all.o)
 .debug_abbrev  0x0000000000000d2e       0xd2 ../../../../../libopencm3//lib/libopencm3_stm32f4.a(spi_common_v1.o)
 .debug_abbrev  0x0000000000000e00      0x129 ../../../../../libopencm3//lib/libopencm3_stm32f4.a(usart_common_all.o)
 .debug_abbrev  0x0000000000000f29       0xb5 ../../../../../libopencm3//lib/libopencm3_stm32f4.a(usart_common_f124.o)
 .debug_abbrev  0x0000000000000fde      0x15b ../../../../../libopencm3//lib/libopencm3_stm32f4.a(vector.o)
 .debug_abbrev  0x0000000000001139       0x89 ../../../../../libopencm3//lib/libopencm3_stm32f4.a(scb.o)

.debug_loc      0x0000000000000000     0x1691
 .debug_loc     0x0000000000000000       0x3a clock.o
 .debug_loc     0x000000000000003a      0x1f3 console.o
 .debug_loc     0x000000000000022d      0x250 spi-mems.o
 .debug_loc     0x000000000000047d       0xbe ../../../../../libopencm3//lib/libopencm3_stm32f4.a(gpio_common_all.o)
 .debug_loc     0x000000000000053b      0x14f ../../../../../libopencm3//lib/libopencm3_stm32f4.a(gpio_common_f0234.o)
 .debug_loc     0x000000000000068a      0x120 ../../../../../libopencm3//lib/libopencm3_stm32f4.a(rcc_common_all.o)
 .debug_loc     0x00000000000007aa      0x867 ../../../../../libopencm3//lib/libopencm3_stm32f4.a(rcc.o)
 .debug_loc     0x0000000000001011      0x170 ../../../../../libopencm3//lib/libopencm3_stm32f4.a(spi_common_all.o)
 .debug_loc     0x0000000000001181      0x149 ../../../../../libopencm3//lib/libopencm3_stm32f4.a(spi_common_v1.o)
 .debug_loc     0x00000000000012ca      0x1e1 ../../../../../libopencm3//lib/libopencm3_stm32f4.a(usart_common_all.o)
 .debug_loc     0x00000000000014ab       0x99 ../../../../../libopencm3//lib/libopencm3_stm32f4.a(usart_common_f124.o)
 .debug_loc     0x0000000000001544      0x128 ../../../../../libopencm3//lib/libopencm3_stm32f4.a(vector.o)
 .debug_loc     0x000000000000166c       0x25 ../../../../../libopencm3//lib/libopencm3_stm32f4.a(scb.o)

.debug_aranges  0x0000000000000000      0x5d8
 .debug_aranges
                0x0000000000000000       0x38 clock.o
 .debug_aranges
                0x0000000000000038       0x48 console.o
 .debug_aranges
                0x0000000000000080       0x50 spi-mems.o
 .debug_aranges
                0x00000000000000d0       0x50 ../../../../../libopencm3//lib/libopencm3_stm32f4.a(gpio_common_all.o)
 .debug_aranges
                0x0000000000000120       0x30 ../../../../../libopencm3//lib/libopencm3_stm32f4.a(gpio_common_f0234.o)
 .debug_aranges
                0x0000000000000150       0x60 ../../../../../libopencm3//lib/libopencm3_stm32f4.a(rcc_common_all.o)
 .debug_aranges
                0x00000000000001b0      0x110 ../../../../../libopencm3//lib/libopencm3_stm32f4.a(rcc.o)
 .debug_aranges
                0x00000000000002c0      0x170 ../../../../../libopencm3//lib/libopencm3_stm32f4.a(spi_common_all.o)
 .debug_aranges
                0x0000000000000430       0x30 ../../../../../libopencm3//lib/libopencm3_stm32f4.a(spi_common_v1.o)
 .debug_aranges
                0x0000000000000460       0xd8 ../../../../../libopencm3//lib/libopencm3_stm32f4.a(usart_common_all.o)
 .debug_aranges
                0x0000000000000538       0x40 ../../../../../libopencm3//lib/libopencm3_stm32f4.a(usart_common_f124.o)
 .debug_aranges
                0x0000000000000578       0x30 ../../../../../libopencm3//lib/libopencm3_stm32f4.a(vector.o)
 .debug_aranges
                0x00000000000005a8       0x30 ../../../../../libopencm3//lib/libopencm3_stm32f4.a(scb.o)

.debug_ranges   0x0000000000000000      0x5b0
 .debug_ranges  0x0000000000000000       0x28 clock.o
 .debug_ranges  0x0000000000000028       0x38 console.o
 .debug_ranges  0x0000000000000060       0xa0 spi-mems.o
 .debug_ranges  0x0000000000000100       0x40 ../../../../../libopencm3//lib/libopencm3_stm32f4.a(gpio_common_all.o)
 .debug_ranges  0x0000000000000140       0x20 ../../../../../libopencm3//lib/libopencm3_stm32f4.a(gpio_common_f0234.o)
 .debug_ranges  0x0000000000000160       0x50 ../../../../../libopencm3//lib/libopencm3_stm32f4.a(rcc_common_all.o)
 .debug_ranges  0x00000000000001b0      0x148 ../../../../../libopencm3//lib/libopencm3_stm32f4.a(rcc.o)
 .debug_ranges  0x00000000000002f8      0x160 ../../../../../libopencm3//lib/libopencm3_stm32f4.a(spi_common_all.o)
 .debug_ranges  0x0000000000000458       0x20 ../../../../../libopencm3//lib/libopencm3_stm32f4.a(spi_common_v1.o)
 .debug_ranges  0x0000000000000478       0xc8 ../../../../../libopencm3//lib/libopencm3_stm32f4.a(usart_common_all.o)
 .debug_ranges  0x0000000000000540       0x30 ../../../../../libopencm3//lib/libopencm3_stm32f4.a(usart_common_f124.o)
 .debug_ranges  0x0000000000000570       0x20 ../../../../../libopencm3//lib/libopencm3_stm32f4.a(vector.o)
 .debug_ranges  0x0000000000000590       0x20 ../../../../../libopencm3//lib/libopencm3_stm32f4.a(scb.o)

.debug_macro    0x0000000000000000     0x57d3
 .debug_macro   0x0000000000000000       0xc1 clock.o
 .debug_macro   0x00000000000000c1      0xa72 clock.o
 .debug_macro   0x0000000000000b33       0x1c clock.o
 .debug_macro   0x0000000000000b4f      0x34e clock.o
 .debug_macro   0x0000000000000e9d       0x22 clock.o
 .debug_macro   0x0000000000000ebf       0xe8 clock.o
 .debug_macro   0x0000000000000fa7       0x76 clock.o
 .debug_macro   0x000000000000101d      0x280 clock.o
 .debug_macro   0x000000000000129d       0x8e clock.o
 .debug_macro   0x000000000000132b       0x46 clock.o
 .debug_macro   0x0000000000001371      0xcea clock.o
 .debug_macro   0x000000000000205b       0x6e clock.o
 .debug_macro   0x00000000000020c9      0x22c clock.o
 .debug_macro   0x00000000000022f5       0x6f clock.o
 .debug_macro   0x0000000000002364      0x1b6 console.o
 .debug_macro   0x000000000000251a       0x22 console.o
 .debug_macro   0x000000000000253c       0x52 console.o
 .debug_macro   0x000000000000258e       0x18 console.o
 .debug_macro   0x00000000000025a6       0x5c console.o
 .debug_macro   0x0000000000002602       0x35 console.o
 .debug_macro   0x0000000000002637       0x34 console.o
 .debug_macro   0x000000000000266b       0x76 console.o
 .debug_macro   0x00000000000026e1      0x37e console.o
 .debug_macro   0x0000000000002a5f       0xca console.o
 .debug_macro   0x0000000000002b29       0x94 console.o
 .debug_macro   0x0000000000002bbd      0x29e console.o
 .debug_macro   0x0000000000002e5b       0xa0 console.o
 .debug_macro   0x0000000000002efb       0x70 console.o
 .debug_macro   0x0000000000002f6b      0x458 console.o
 .debug_macro   0x00000000000033c3       0x1f console.o
 .debug_macro   0x00000000000033e2       0x16 console.o
 .debug_macro   0x00000000000033f8      0x15c spi-mems.o
 .debug_macro   0x0000000000003554      0x2eb spi-mems.o
 .debug_macro   0x000000000000383f       0x16 spi-mems.o
 .debug_macro   0x0000000000003855       0x22 spi-mems.o
 .debug_macro   0x0000000000003877       0x88 ../../../../../libopencm3//lib/libopencm3_stm32f4.a(gpio_common_all.o)
 .debug_macro   0x00000000000038ff      0xa6c ../../../../../libopencm3//lib/libopencm3_stm32f4.a(gpio_common_all.o)
 .debug_macro   0x000000000000436b       0x88 ../../../../../libopencm3//lib/libopencm3_stm32f4.a(gpio_common_f0234.o)
 .debug_macro   0x00000000000043f3       0xa7 ../../../../../libopencm3//lib/libopencm3_stm32f4.a(rcc_common_all.o)
 .debug_macro   0x000000000000449a       0xdb ../../../../../libopencm3//lib/libopencm3_stm32f4.a(rcc.o)
 .debug_macro   0x0000000000004575       0x16 ../../../../../libopencm3//lib/libopencm3_stm32f4.a(rcc.o)
 .debug_macro   0x000000000000458b       0x1c ../../../../../libopencm3//lib/libopencm3_stm32f4.a(rcc.o)
 .debug_macro   0x00000000000045a7      0x143 ../../../../../libopencm3//lib/libopencm3_stm32f4.a(rcc.o)
 .debug_macro   0x00000000000046ea       0x10 ../../../../../libopencm3//lib/libopencm3_stm32f4.a(rcc.o)
 .debug_macro   0x00000000000046fa       0xb6 ../../../../../libopencm3//lib/libopencm3_stm32f4.a(spi_common_all.o)
 .debug_macro   0x00000000000047b0       0xb6 ../../../../../libopencm3//lib/libopencm3_stm32f4.a(spi_common_v1.o)
 .debug_macro   0x0000000000004866       0xc2 ../../../../../libopencm3//lib/libopencm3_stm32f4.a(usart_common_all.o)
 .debug_macro   0x0000000000004928       0xc2 ../../../../../libopencm3//lib/libopencm3_stm32f4.a(usart_common_f124.o)
 .debug_macro   0x00000000000049ea       0x8a ../../../../../libopencm3//lib/libopencm3_stm32f4.a(vector.o)
 .debug_macro   0x0000000000004a74      0x452 ../../../../../libopencm3//lib/libopencm3_stm32f4.a(vector.o)
 .debug_macro   0x0000000000004ec6      0x123 ../../../../../libopencm3//lib/libopencm3_stm32f4.a(scb.o)
 .debug_macro   0x0000000000004fe9       0x16 ../../../../../libopencm3//lib/libopencm3_stm32f4.a(scb.o)
 .debug_macro   0x0000000000004fff      0x10e ../../../../../libopencm3//lib/libopencm3_stm32f4.a(scb.o)
 .debug_macro   0x000000000000510d       0x86 ../../../../../libopencm3//lib/libopencm3_stm32f4.a(scb.o)
 .debug_macro   0x0000000000005193       0x16 ../../../../../libopencm3//lib/libopencm3_stm32f4.a(scb.o)
 .debug_macro   0x00000000000051a9       0x43 ../../../../../libopencm3//lib/libopencm3_stm32f4.a(scb.o)
 .debug_macro   0x00000000000051ec       0x57 ../../../../../libopencm3//lib/libopencm3_stm32f4.a(scb.o)
 .debug_macro   0x0000000000005243       0x34 ../../../../../libopencm3//lib/libopencm3_stm32f4.a(scb.o)
 .debug_macro   0x0000000000005277       0x10 ../../../../../libopencm3//lib/libopencm3_stm32f4.a(scb.o)
 .debug_macro   0x0000000000005287       0x52 ../../../../../libopencm3//lib/libopencm3_stm32f4.a(scb.o)
 .debug_macro   0x00000000000052d9      0x182 ../../../../../libopencm3//lib/libopencm3_stm32f4.a(scb.o)
 .debug_macro   0x000000000000545b      0x356 ../../../../../libopencm3//lib/libopencm3_stm32f4.a(scb.o)
 .debug_macro   0x00000000000057b1       0x22 ../../../../../libopencm3//lib/libopencm3_stm32f4.a(scb.o)

.debug_line     0x0000000000000000     0x38b7
 .debug_line    0x0000000000000000      0x2d0 clock.o
 .debug_line    0x00000000000002d0      0x617 console.o
 .debug_line    0x00000000000008e7      0x580 spi-mems.o
 .debug_line    0x0000000000000e67      0x2a6 ../../../../../libopencm3//lib/libopencm3_stm32f4.a(gpio_common_all.o)
 .debug_line    0x000000000000110d      0x38e ../../../../../libopencm3//lib/libopencm3_stm32f4.a(gpio_common_f0234.o)
 .debug_line    0x000000000000149b      0x305 ../../../../../libopencm3//lib/libopencm3_stm32f4.a(rcc_common_all.o)
 .debug_line    0x00000000000017a0      0x992 ../../../../../libopencm3//lib/libopencm3_stm32f4.a(rcc.o)
 .debug_line    0x0000000000002132      0x7df ../../../../../libopencm3//lib/libopencm3_stm32f4.a(spi_common_all.o)
 .debug_line    0x0000000000002911      0x26c ../../../../../libopencm3//lib/libopencm3_stm32f4.a(spi_common_v1.o)
 .debug_line    0x0000000000002b7d      0x52c ../../../../../libopencm3//lib/libopencm3_stm32f4.a(usart_common_all.o)
 .debug_line    0x00000000000030a9      0x2ab ../../../../../libopencm3//lib/libopencm3_stm32f4.a(usart_common_f124.o)
 .debug_line    0x0000000000003354      0x322 ../../../../../libopencm3//lib/libopencm3_stm32f4.a(vector.o)
 .debug_line    0x0000000000003676      0x241 ../../../../../libopencm3//lib/libopencm3_stm32f4.a(scb.o)

.debug_str      0x0000000000000000    0x13fb6
 .debug_str     0x0000000000000000     0x9725 clock.o
                                       0x98e8 (size before relaxing)
 .debug_str     0x0000000000009725     0x4987 console.o
                                       0xdec3 (size before relaxing)
 .debug_str     0x000000000000e0ac     0x1122 spi-mems.o
                                       0xc903 (size before relaxing)
 .debug_str     0x000000000000f1ce      0x17b ../../../../../libopencm3//lib/libopencm3_stm32f4.a(gpio_common_all.o)
                                       0x6192 (size before relaxing)
 .debug_str     0x000000000000f349       0x79 ../../../../../libopencm3//lib/libopencm3_stm32f4.a(gpio_common_f0234.o)
                                       0x61aa (size before relaxing)
 .debug_str     0x000000000000f3c2      0x42f ../../../../../libopencm3//lib/libopencm3_stm32f4.a(rcc_common_all.o)
                                       0x9547 (size before relaxing)
 .debug_str     0x000000000000f7f1      0xaf3 ../../../../../libopencm3//lib/libopencm3_stm32f4.a(rcc.o)
                                       0x9dbc (size before relaxing)
 .debug_str     0x00000000000102e4      0x359 ../../../../../libopencm3//lib/libopencm3_stm32f4.a(spi_common_all.o)
                                       0x9d05 (size before relaxing)
 .debug_str     0x000000000001063d       0x4f ../../../../../libopencm3//lib/libopencm3_stm32f4.a(spi_common_v1.o)
                                       0x9937 (size before relaxing)
 .debug_str     0x000000000001068c      0x1ea ../../../../../libopencm3//lib/libopencm3_stm32f4.a(usart_common_all.o)
                                       0x9feb (size before relaxing)
 .debug_str     0x0000000000010876       0x2d ../../../../../libopencm3//lib/libopencm3_stm32f4.a(usart_common_f124.o)
                                       0x9d7f (size before relaxing)
 .debug_str     0x00000000000108a3      0xe72 ../../../../../libopencm3//lib/libopencm3_stm32f4.a(vector.o)
                                       0x6a52 (size before relaxing)
 .debug_str     0x0000000000011715     0x28a1 ../../../../../libopencm3//lib/libopencm3_stm32f4.a(scb.o)
                                       0x7fa9 (size before relaxing)

.comment        0x0000000000000000       0x33
 .comment       0x0000000000000000       0x33 clock.o
                                         0x34 (size before relaxing)
 .comment       0x0000000000000033       0x34 console.o
 .comment       0x0000000000000033       0x34 spi-mems.o
 .comment       0x0000000000000033       0x34 ../../../../../libopencm3//lib/libopencm3_stm32f4.a(gpio_common_all.o)
 .comment       0x0000000000000033       0x34 ../../../../../libopencm3//lib/libopencm3_stm32f4.a(gpio_common_f0234.o)
 .comment       0x0000000000000033       0x34 ../../../../../libopencm3//lib/libopencm3_stm32f4.a(rcc_common_all.o)
 .comment       0x0000000000000033       0x34 ../../../../../libopencm3//lib/libopencm3_stm32f4.a(rcc.o)
 .comment       0x0000000000000033       0x34 ../../../../../libopencm3//lib/libopencm3_stm32f4.a(spi_common_all.o)
 .comment       0x0000000000000033       0x34 ../../../../../libopencm3//lib/libopencm3_stm32f4.a(spi_common_v1.o)
 .comment       0x0000000000000033       0x34 ../../../../../libopencm3//lib/libopencm3_stm32f4.a(usart_common_all.o)
 .comment       0x0000000000000033       0x34 ../../../../../libopencm3//lib/libopencm3_stm32f4.a(usart_common_f124.o)
 .comment       0x0000000000000033       0x34 ../../../../../libopencm3//lib/libopencm3_stm32f4.a(vector.o)
 .comment       0x0000000000000033       0x34 ../../../../../libopencm3//lib/libopencm3_stm32f4.a(scb.o)

.ARM.attributes
                0x0000000000000000       0x34
 .ARM.attributes
                0x0000000000000000       0x34 clock.o
 .ARM.attributes
                0x0000000000000034       0x34 console.o
 .ARM.attributes
                0x0000000000000068       0x34 spi-mems.o
 .ARM.attributes
                0x000000000000009c       0x34 ../../../../../libopencm3//lib/libopencm3_stm32f4.a(gpio_common_all.o)
 .ARM.attributes
                0x00000000000000d0       0x34 ../../../../../libopencm3//lib/libopencm3_stm32f4.a(gpio_common_f0234.o)
 .ARM.attributes
                0x0000000000000104       0x34 ../../../../../libopencm3//lib/libopencm3_stm32f4.a(rcc_common_all.o)
 .ARM.attributes
                0x0000000000000138       0x34 ../../../../../libopencm3//lib/libopencm3_stm32f4.a(rcc.o)
 .ARM.attributes
                0x000000000000016c       0x34 ../../../../../libopencm3//lib/libopencm3_stm32f4.a(spi_common_all.o)
 .ARM.attributes
                0x00000000000001a0       0x34 ../../../../../libopencm3//lib/libopencm3_stm32f4.a(spi_common_v1.o)
 .ARM.attributes
                0x00000000000001d4       0x34 ../../../../../libopencm3//lib/libopencm3_stm32f4.a(usart_common_all.o)
 .ARM.attributes
                0x0000000000000208       0x34 ../../../../../libopencm3//lib/libopencm3_stm32f4.a(usart_common_f124.o)
 .ARM.attributes
                0x000000000000023c       0x34 ../../../../../libopencm3//lib/libopencm3_stm32f4.a(vector.o)
 .ARM.attributes
                0x0000000000000270       0x34 ../../../../../libopencm3//lib/libopencm3_stm32f4.a(scb.o)

.debug_frame    0x0000000000000000      0xbb4
 .debug_frame   0x0000000000000000       0x5c clock.o
 .debug_frame   0x000000000000005c       0xb0 console.o
 .debug_frame   0x000000000000010c       0xf8 spi-mems.o
 .debug_frame   0x0000000000000204       0x80 ../../../../../libopencm3//lib/libopencm3_stm32f4.a(gpio_common_all.o)
 .debug_frame   0x0000000000000284       0x70 ../../../../../libopencm3//lib/libopencm3_stm32f4.a(gpio_common_f0234.o)
 .debug_frame   0x00000000000002f4       0xe0 ../../../../../libopencm3//lib/libopencm3_stm32f4.a(rcc_common_all.o)
 .debug_frame   0x00000000000003d4      0x234 ../../../../../libopencm3//lib/libopencm3_stm32f4.a(rcc.o)
 .debug_frame   0x0000000000000608      0x2c0 ../../../../../libopencm3//lib/libopencm3_stm32f4.a(spi_common_all.o)
 .debug_frame   0x00000000000008c8       0x4c ../../../../../libopencm3//lib/libopencm3_stm32f4.a(spi_common_v1.o)
 .debug_frame   0x0000000000000914      0x1b4 ../../../../../libopencm3//lib/libopencm3_stm32f4.a(usart_common_all.o)
 .debug_frame   0x0000000000000ac8       0x60 ../../../../../libopencm3//lib/libopencm3_stm32f4.a(usart_common_f124.o)
 .debug_frame   0x0000000000000b28       0x4c ../../../../../libopencm3//lib/libopencm3_stm32f4.a(vector.o)
 .debug_frame   0x0000000000000b74       0x40 ../../../../../libopencm3//lib/libopencm3_stm32f4.a(scb.o)

Cross Reference Table

Symbol                                            File
__fini_array_end                                  ../../../../../libopencm3//lib/libopencm3_stm32f4.a(vector.o)
__fini_array_start                                ../../../../../libopencm3//lib/libopencm3_stm32f4.a(vector.o)
__init_array_end                                  ../../../../../libopencm3//lib/libopencm3_stm32f4.a(vector.o)
__init_array_start                                ../../../../../libopencm3//lib/libopencm3_stm32f4.a(vector.o)
__preinit_array_end                               ../../../../../libopencm3//lib/libopencm3_stm32f4.a(vector.o)
__preinit_array_start                             ../../../../../libopencm3//lib/libopencm3_stm32f4.a(vector.o)
_data                                             ../../../../../libopencm3//lib/libopencm3_stm32f4.a(vector.o)
_data_loadaddr                                    ../../../../../libopencm3//lib/libopencm3_stm32f4.a(vector.o)
_ebss                                             ../../../../../libopencm3//lib/libopencm3_stm32f4.a(vector.o)
_edata                                            ../../../../../libopencm3//lib/libopencm3_stm32f4.a(vector.o)
_stack                                            ../../../../../libopencm3//lib/libopencm3_stm32f4.a(vector.o)
adc_isr                                           ../../../../../libopencm3//lib/libopencm3_stm32f4.a(vector.o)
blocking_handler                                  ../../../../../libopencm3//lib/libopencm3_stm32f4.a(vector.o)
bus_fault_handler                                 ../../../../../libopencm3//lib/libopencm3_stm32f4.a(vector.o)
calibrate_gyroscope                               spi-mems.o
can1_rx0_isr                                      ../../../../../libopencm3//lib/libopencm3_stm32f4.a(vector.o)
can1_rx1_isr                                      ../../../../../libopencm3//lib/libopencm3_stm32f4.a(vector.o)
can1_sce_isr                                      ../../../../../libopencm3//lib/libopencm3_stm32f4.a(vector.o)
can1_tx_isr                                       ../../../../../libopencm3//lib/libopencm3_stm32f4.a(vector.o)
can2_rx0_isr                                      ../../../../../libopencm3//lib/libopencm3_stm32f4.a(vector.o)
can2_rx1_isr                                      ../../../../../libopencm3//lib/libopencm3_stm32f4.a(vector.o)
can2_sce_isr                                      ../../../../../libopencm3//lib/libopencm3_stm32f4.a(vector.o)
can2_tx_isr                                       ../../../../../libopencm3//lib/libopencm3_stm32f4.a(vector.o)
clock_setup                                       clock.o
console_getc                                      console.o
console_gets                                      console.o
console_putc                                      console.o
console_puts                                      console.o
console_setup                                     console.o
cryp_isr                                          ../../../../../libopencm3//lib/libopencm3_stm32f4.a(vector.o)
dcmi_isr                                          ../../../../../libopencm3//lib/libopencm3_stm32f4.a(vector.o)
debug_monitor_handler                             ../../../../../libopencm3//lib/libopencm3_stm32f4.a(vector.o)
dma1_stream0_isr                                  ../../../../../libopencm3//lib/libopencm3_stm32f4.a(vector.o)
dma1_stream1_isr                                  ../../../../../libopencm3//lib/libopencm3_stm32f4.a(vector.o)
dma1_stream2_isr                                  ../../../../../libopencm3//lib/libopencm3_stm32f4.a(vector.o)
dma1_stream3_isr                                  ../../../../../libopencm3//lib/libopencm3_stm32f4.a(vector.o)
dma1_stream4_isr                                  ../../../../../libopencm3//lib/libopencm3_stm32f4.a(vector.o)
dma1_stream5_isr                                  ../../../../../libopencm3//lib/libopencm3_stm32f4.a(vector.o)
dma1_stream6_isr                                  ../../../../../libopencm3//lib/libopencm3_stm32f4.a(vector.o)
dma1_stream7_isr                                  ../../../../../libopencm3//lib/libopencm3_stm32f4.a(vector.o)
dma2_stream0_isr                                  ../../../../../libopencm3//lib/libopencm3_stm32f4.a(vector.o)
dma2_stream1_isr                                  ../../../../../libopencm3//lib/libopencm3_stm32f4.a(vector.o)
dma2_stream2_isr                                  ../../../../../libopencm3//lib/libopencm3_stm32f4.a(vector.o)
dma2_stream3_isr                                  ../../../../../libopencm3//lib/libopencm3_stm32f4.a(vector.o)
dma2_stream4_isr                                  ../../../../../libopencm3//lib/libopencm3_stm32f4.a(vector.o)
dma2_stream5_isr                                  ../../../../../libopencm3//lib/libopencm3_stm32f4.a(vector.o)
dma2_stream6_isr                                  ../../../../../libopencm3//lib/libopencm3_stm32f4.a(vector.o)
dma2_stream7_isr                                  ../../../../../libopencm3//lib/libopencm3_stm32f4.a(vector.o)
dma2d_isr                                         ../../../../../libopencm3//lib/libopencm3_stm32f4.a(vector.o)
eth_isr                                           ../../../../../libopencm3//lib/libopencm3_stm32f4.a(vector.o)
eth_wkup_isr                                      ../../../../../libopencm3//lib/libopencm3_stm32f4.a(vector.o)
exti0_isr                                         ../../../../../libopencm3//lib/libopencm3_stm32f4.a(vector.o)
exti15_10_isr                                     ../../../../../libopencm3//lib/libopencm3_stm32f4.a(vector.o)
exti1_isr                                         ../../../../../libopencm3//lib/libopencm3_stm32f4.a(vector.o)
exti2_isr                                         ../../../../../libopencm3//lib/libopencm3_stm32f4.a(vector.o)
exti3_isr                                         ../../../../../libopencm3//lib/libopencm3_stm32f4.a(vector.o)
exti4_isr                                         ../../../../../libopencm3//lib/libopencm3_stm32f4.a(vector.o)
exti9_5_isr                                       ../../../../../libopencm3//lib/libopencm3_stm32f4.a(vector.o)
flash_dcache_disable                              ../../../../../libopencm3//lib/libopencm3_stm32f4.a(flash_common_idcache.o)
                                                  ../../../../../libopencm3//lib/libopencm3_stm32f4.a(rcc.o)
flash_dcache_enable                               ../../../../../libopencm3//lib/libopencm3_stm32f4.a(flash_common_idcache.o)
                                                  ../../../../../libopencm3//lib/libopencm3_stm32f4.a(rcc.o)
flash_dcache_reset                                ../../../../../libopencm3//lib/libopencm3_stm32f4.a(flash_common_idcache.o)
flash_icache_disable                              ../../../../../libopencm3//lib/libopencm3_stm32f4.a(flash_common_idcache.o)
                                                  ../../../../../libopencm3//lib/libopencm3_stm32f4.a(rcc.o)
flash_icache_enable                               ../../../../../libopencm3//lib/libopencm3_stm32f4.a(flash_common_idcache.o)
                                                  ../../../../../libopencm3//lib/libopencm3_stm32f4.a(rcc.o)
flash_icache_reset                                ../../../../../libopencm3//lib/libopencm3_stm32f4.a(flash_common_idcache.o)
flash_isr                                         ../../../../../libopencm3//lib/libopencm3_stm32f4.a(vector.o)
flash_prefetch_disable                            ../../../../../libopencm3//lib/libopencm3_stm32f4.a(flash_common_all.o)
flash_prefetch_enable                             ../../../../../libopencm3//lib/libopencm3_stm32f4.a(flash_common_all.o)
flash_set_ws                                      ../../../../../libopencm3//lib/libopencm3_stm32f4.a(flash_common_all.o)
                                                  ../../../../../libopencm3//lib/libopencm3_stm32f4.a(rcc.o)
flash_unlock_option_bytes                         ../../../../../libopencm3//lib/libopencm3_stm32f4.a(flash_common_all.o)
fpu_isr                                           ../../../../../libopencm3//lib/libopencm3_stm32f4.a(vector.o)
fsmc_isr                                          ../../../../../libopencm3//lib/libopencm3_stm32f4.a(vector.o)
gpio_clear                                        ../../../../../libopencm3//lib/libopencm3_stm32f4.a(gpio_common_all.o)
                                                  spi-mems.o
gpio_get                                          ../../../../../libopencm3//lib/libopencm3_stm32f4.a(gpio_common_all.o)
gpio_mode_setup                                   ../../../../../libopencm3//lib/libopencm3_stm32f4.a(gpio_common_f0234.o)
                                                  spi-mems.o
                                                  console.o
gpio_port_config_lock                             ../../../../../libopencm3//lib/libopencm3_stm32f4.a(gpio_common_all.o)
gpio_port_read                                    ../../../../../libopencm3//lib/libopencm3_stm32f4.a(gpio_common_all.o)
gpio_port_write                                   ../../../../../libopencm3//lib/libopencm3_stm32f4.a(gpio_common_all.o)
gpio_set                                          ../../../../../libopencm3//lib/libopencm3_stm32f4.a(gpio_common_all.o)
                                                  spi-mems.o
gpio_set_af                                       ../../../../../libopencm3//lib/libopencm3_stm32f4.a(gpio_common_f0234.o)
                                                  spi-mems.o
                                                  console.o
gpio_set_output_options                           ../../../../../libopencm3//lib/libopencm3_stm32f4.a(gpio_common_f0234.o)
gpio_toggle                                       ../../../../../libopencm3//lib/libopencm3_stm32f4.a(gpio_common_all.o)
hard_fault_handler                                ../../../../../libopencm3//lib/libopencm3_stm32f4.a(vector.o)
hash_rng_isr                                      ../../../../../libopencm3//lib/libopencm3_stm32f4.a(vector.o)
i2c1_er_isr                                       ../../../../../libopencm3//lib/libopencm3_stm32f4.a(vector.o)
i2c1_ev_isr                                       ../../../../../libopencm3//lib/libopencm3_stm32f4.a(vector.o)
i2c2_er_isr                                       ../../../../../libopencm3//lib/libopencm3_stm32f4.a(vector.o)
i2c2_ev_isr                                       ../../../../../libopencm3//lib/libopencm3_stm32f4.a(vector.o)
i2c3_er_isr                                       ../../../../../libopencm3//lib/libopencm3_stm32f4.a(vector.o)
i2c3_ev_isr                                       ../../../../../libopencm3//lib/libopencm3_stm32f4.a(vector.o)
lcd_tft_err_isr                                   ../../../../../libopencm3//lib/libopencm3_stm32f4.a(vector.o)
lcd_tft_isr                                       ../../../../../libopencm3//lib/libopencm3_stm32f4.a(vector.o)
main                                              spi-mems.o
                                                  ../../../../../libopencm3//lib/libopencm3_stm32f4.a(vector.o)
mem_manage_handler                                ../../../../../libopencm3//lib/libopencm3_stm32f4.a(vector.o)
msleep                                            clock.o
mtime                                             clock.o
nmi_handler                                       ../../../../../libopencm3//lib/libopencm3_stm32f4.a(vector.o)
null_handler                                      ../../../../../libopencm3//lib/libopencm3_stm32f4.a(vector.o)
nvic_clear_pending_irq                            ../../../../../libopencm3//lib/libopencm3_stm32f4.a(nvic.o)
nvic_disable_irq                                  ../../../../../libopencm3//lib/libopencm3_stm32f4.a(nvic.o)
nvic_enable_irq                                   ../../../../../libopencm3//lib/libopencm3_stm32f4.a(nvic.o)
                                                  console.o
nvic_generate_software_interrupt                  ../../../../../libopencm3//lib/libopencm3_stm32f4.a(nvic.o)
nvic_get_active_irq                               ../../../../../libopencm3//lib/libopencm3_stm32f4.a(nvic.o)
nvic_get_irq_enabled                              ../../../../../libopencm3//lib/libopencm3_stm32f4.a(nvic.o)
nvic_get_pending_irq                              ../../../../../libopencm3//lib/libopencm3_stm32f4.a(nvic.o)
nvic_set_pending_irq                              ../../../../../libopencm3//lib/libopencm3_stm32f4.a(nvic.o)
nvic_set_priority                                 ../../../../../libopencm3//lib/libopencm3_stm32f4.a(nvic.o)
nvic_wwdg_isr                                     ../../../../../libopencm3//lib/libopencm3_stm32f4.a(vector.o)
otg_fs_isr                                        ../../../../../libopencm3//lib/libopencm3_stm32f4.a(vector.o)
otg_hs_ep1_in_isr                                 ../../../../../libopencm3//lib/libopencm3_stm32f4.a(vector.o)
otg_hs_ep1_out_isr                                ../../../../../libopencm3//lib/libopencm3_stm32f4.a(vector.o)
otg_hs_isr                                        ../../../../../libopencm3//lib/libopencm3_stm32f4.a(vector.o)
otg_hs_wkup_isr                                   ../../../../../libopencm3//lib/libopencm3_stm32f4.a(vector.o)
pend_sv_handler                                   ../../../../../libopencm3//lib/libopencm3_stm32f4.a(vector.o)
pvd_isr                                           ../../../../../libopencm3//lib/libopencm3_stm32f4.a(vector.o)
pwr_set_vos_scale                                 ../../../../../libopencm3//lib/libopencm3_stm32f4.a(pwr.o)
                                                  ../../../../../libopencm3//lib/libopencm3_stm32f4.a(rcc.o)
rcc_ahb_frequency                                 ../../../../../libopencm3//lib/libopencm3_stm32f4.a(rcc.o)
rcc_apb1_frequency                                ../../../../../libopencm3//lib/libopencm3_stm32f4.a(rcc.o)
                                                  ../../../../../libopencm3//lib/libopencm3_stm32f4.a(usart_common_all.o)
                                                  spi-mems.o
rcc_apb2_frequency                                ../../../../../libopencm3//lib/libopencm3_stm32f4.a(rcc.o)
                                                  ../../../../../libopencm3//lib/libopencm3_stm32f4.a(usart_common_all.o)
                                                  spi-mems.o
rcc_clock_setup_hse_3v3                           ../../../../../libopencm3//lib/libopencm3_stm32f4.a(rcc.o)
rcc_clock_setup_pll                               ../../../../../libopencm3//lib/libopencm3_stm32f4.a(rcc.o)
                                                  clock.o
rcc_css_disable                                   ../../../../../libopencm3//lib/libopencm3_stm32f4.a(rcc.o)
rcc_css_enable                                    ../../../../../libopencm3//lib/libopencm3_stm32f4.a(rcc.o)
rcc_css_int_clear                                 ../../../../../libopencm3//lib/libopencm3_stm32f4.a(rcc.o)
rcc_css_int_flag                                  ../../../../../libopencm3//lib/libopencm3_stm32f4.a(rcc.o)
rcc_get_div_from_hpre                             ../../../../../libopencm3//lib/libopencm3_stm32f4.a(rcc_common_all.o)
rcc_get_i2c_clk_freq                              ../../../../../libopencm3//lib/libopencm3_stm32f4.a(rcc.o)
rcc_get_spi_clk_freq                              ../../../../../libopencm3//lib/libopencm3_stm32f4.a(rcc.o)
rcc_get_timer_clk_freq                            ../../../../../libopencm3//lib/libopencm3_stm32f4.a(rcc.o)
rcc_get_usart_clk_freq                            ../../../../../libopencm3//lib/libopencm3_stm32f4.a(rcc.o)
rcc_hse_12mhz_3v3                                 ../../../../../libopencm3//lib/libopencm3_stm32f4.a(rcc.o)
rcc_hse_16mhz_3v3                                 ../../../../../libopencm3//lib/libopencm3_stm32f4.a(rcc.o)
rcc_hse_25mhz_3v3                                 ../../../../../libopencm3//lib/libopencm3_stm32f4.a(rcc.o)
rcc_hse_8mhz_3v3                                  ../../../../../libopencm3//lib/libopencm3_stm32f4.a(rcc.o)
                                                  clock.o
rcc_hsi_configs                                   ../../../../../libopencm3//lib/libopencm3_stm32f4.a(rcc.o)
rcc_is_osc_ready                                  ../../../../../libopencm3//lib/libopencm3_stm32f4.a(rcc.o)
rcc_isr                                           ../../../../../libopencm3//lib/libopencm3_stm32f4.a(vector.o)
rcc_osc_bypass_disable                            ../../../../../libopencm3//lib/libopencm3_stm32f4.a(rcc_common_all.o)
rcc_osc_bypass_enable                             ../../../../../libopencm3//lib/libopencm3_stm32f4.a(rcc_common_all.o)
rcc_osc_off                                       ../../../../../libopencm3//lib/libopencm3_stm32f4.a(rcc.o)
rcc_osc_on                                        ../../../../../libopencm3//lib/libopencm3_stm32f4.a(rcc.o)
                                                  spi-mems.o
rcc_osc_ready_int_clear                           ../../../../../libopencm3//lib/libopencm3_stm32f4.a(rcc.o)
rcc_osc_ready_int_disable                         ../../../../../libopencm3//lib/libopencm3_stm32f4.a(rcc.o)
rcc_osc_ready_int_enable                          ../../../../../libopencm3//lib/libopencm3_stm32f4.a(rcc.o)
rcc_osc_ready_int_flag                            ../../../../../libopencm3//lib/libopencm3_stm32f4.a(rcc.o)
rcc_periph_clock_disable                          ../../../../../libopencm3//lib/libopencm3_stm32f4.a(rcc_common_all.o)
rcc_periph_clock_enable                           ../../../../../libopencm3//lib/libopencm3_stm32f4.a(rcc_common_all.o)
                                                  ../../../../../libopencm3//lib/libopencm3_stm32f4.a(rcc.o)
                                                  spi-mems.o
                                                  console.o
rcc_periph_reset_hold                             ../../../../../libopencm3//lib/libopencm3_stm32f4.a(rcc_common_all.o)
rcc_periph_reset_pulse                            ../../../../../libopencm3//lib/libopencm3_stm32f4.a(rcc_common_all.o)
rcc_periph_reset_release                          ../../../../../libopencm3//lib/libopencm3_stm32f4.a(rcc_common_all.o)
rcc_peripheral_clear_reset                        ../../../../../libopencm3//lib/libopencm3_stm32f4.a(rcc_common_all.o)
rcc_peripheral_disable_clock                      ../../../../../libopencm3//lib/libopencm3_stm32f4.a(rcc_common_all.o)
rcc_peripheral_enable_clock                       ../../../../../libopencm3//lib/libopencm3_stm32f4.a(rcc_common_all.o)
rcc_peripheral_reset                              ../../../../../libopencm3//lib/libopencm3_stm32f4.a(rcc_common_all.o)
rcc_plli2s_config                                 ../../../../../libopencm3//lib/libopencm3_stm32f4.a(rcc.o)
rcc_pllsai_config                                 ../../../../../libopencm3//lib/libopencm3_stm32f4.a(rcc.o)
rcc_pllsai_postscalers                            ../../../../../libopencm3//lib/libopencm3_stm32f4.a(rcc.o)
rcc_set_hpre                                      ../../../../../libopencm3//lib/libopencm3_stm32f4.a(rcc.o)
rcc_set_main_pll_hse                              ../../../../../libopencm3//lib/libopencm3_stm32f4.a(rcc.o)
rcc_set_main_pll_hsi                              ../../../../../libopencm3//lib/libopencm3_stm32f4.a(rcc.o)
rcc_set_mco                                       ../../../../../libopencm3//lib/libopencm3_stm32f4.a(rcc_common_all.o)
rcc_set_pll_source                                ../../../../../libopencm3//lib/libopencm3_stm32f4.a(rcc.o)
rcc_set_ppre1                                     ../../../../../libopencm3//lib/libopencm3_stm32f4.a(rcc.o)
rcc_set_ppre2                                     ../../../../../libopencm3//lib/libopencm3_stm32f4.a(rcc.o)
rcc_set_rtcpre                                    ../../../../../libopencm3//lib/libopencm3_stm32f4.a(rcc.o)
rcc_set_sysclk_source                             ../../../../../libopencm3//lib/libopencm3_stm32f4.a(rcc.o)
                                                  spi-mems.o
rcc_system_clock_source                           ../../../../../libopencm3//lib/libopencm3_stm32f4.a(rcc.o)
rcc_wait_for_osc_ready                            ../../../../../libopencm3//lib/libopencm3_stm32f4.a(rcc.o)
                                                  spi-mems.o
rcc_wait_for_sysclk_status                        ../../../../../libopencm3//lib/libopencm3_stm32f4.a(rcc.o)
read_axis                                         spi-mems.o
read_register                                     spi-mems.o
recv_buf                                          console.o
recv_ndx_cur                                      console.o
recv_ndx_nxt                                      console.o
reset_handler                                     ../../../../../libopencm3//lib/libopencm3_stm32f4.a(vector.o)
rtc_alarm_isr                                     ../../../../../libopencm3//lib/libopencm3_stm32f4.a(vector.o)
rtc_wkup_isr                                      ../../../../../libopencm3//lib/libopencm3_stm32f4.a(vector.o)
sai1_isr                                          ../../../../../libopencm3//lib/libopencm3_stm32f4.a(vector.o)
scb_reset_core                                    ../../../../../libopencm3//lib/libopencm3_stm32f4.a(scb.o)
scb_reset_system                                  ../../../../../libopencm3//lib/libopencm3_stm32f4.a(scb.o)
                                                  console.o
scb_set_priority_grouping                         ../../../../../libopencm3//lib/libopencm3_stm32f4.a(scb.o)
sdio_isr                                          ../../../../../libopencm3//lib/libopencm3_stm32f4.a(vector.o)
spi1_isr                                          ../../../../../libopencm3//lib/libopencm3_stm32f4.a(vector.o)
spi2_isr                                          ../../../../../libopencm3//lib/libopencm3_stm32f4.a(vector.o)
spi3_isr                                          ../../../../../libopencm3//lib/libopencm3_stm32f4.a(vector.o)
spi4_isr                                          ../../../../../libopencm3//lib/libopencm3_stm32f4.a(vector.o)
spi5_isr                                          ../../../../../libopencm3//lib/libopencm3_stm32f4.a(vector.o)
spi6_isr                                          ../../../../../libopencm3//lib/libopencm3_stm32f4.a(vector.o)
spi_clean_disable                                 ../../../../../libopencm3//lib/libopencm3_stm32f4.a(spi_common_all.o)
spi_disable                                       ../../../../../libopencm3//lib/libopencm3_stm32f4.a(spi_common_all.o)
spi_disable_crc                                   ../../../../../libopencm3//lib/libopencm3_stm32f4.a(spi_common_all.o)
spi_disable_error_interrupt                       ../../../../../libopencm3//lib/libopencm3_stm32f4.a(spi_common_all.o)
spi_disable_rx_buffer_not_empty_interrupt         ../../../../../libopencm3//lib/libopencm3_stm32f4.a(spi_common_all.o)
spi_disable_rx_dma                                ../../../../../libopencm3//lib/libopencm3_stm32f4.a(spi_common_all.o)
spi_disable_software_slave_management             ../../../../../libopencm3//lib/libopencm3_stm32f4.a(spi_common_all.o)
spi_disable_ss_output                             ../../../../../libopencm3//lib/libopencm3_stm32f4.a(spi_common_all.o)
spi_disable_tx_buffer_empty_interrupt             ../../../../../libopencm3//lib/libopencm3_stm32f4.a(spi_common_all.o)
spi_disable_tx_dma                                ../../../../../libopencm3//lib/libopencm3_stm32f4.a(spi_common_all.o)
spi_enable                                        ../../../../../libopencm3//lib/libopencm3_stm32f4.a(spi_common_all.o)
                                                  spi-mems.o
spi_enable_crc                                    ../../../../../libopencm3//lib/libopencm3_stm32f4.a(spi_common_all.o)
spi_enable_error_interrupt                        ../../../../../libopencm3//lib/libopencm3_stm32f4.a(spi_common_all.o)
spi_enable_rx_buffer_not_empty_interrupt          ../../../../../libopencm3//lib/libopencm3_stm32f4.a(spi_common_all.o)
spi_enable_rx_dma                                 ../../../../../libopencm3//lib/libopencm3_stm32f4.a(spi_common_all.o)
spi_enable_software_slave_management              ../../../../../libopencm3//lib/libopencm3_stm32f4.a(spi_common_all.o)
                                                  spi-mems.o
spi_enable_ss_output                              ../../../../../libopencm3//lib/libopencm3_stm32f4.a(spi_common_all.o)
spi_enable_tx_buffer_empty_interrupt              ../../../../../libopencm3//lib/libopencm3_stm32f4.a(spi_common_all.o)
spi_enable_tx_dma                                 ../../../../../libopencm3//lib/libopencm3_stm32f4.a(spi_common_all.o)
spi_init_master                                   ../../../../../libopencm3//lib/libopencm3_stm32f4.a(spi_common_v1.o)
spi_read                                          ../../../../../libopencm3//lib/libopencm3_stm32f4.a(spi_common_all.o)
                                                  spi-mems.o
spi_send                                          ../../../../../libopencm3//lib/libopencm3_stm32f4.a(spi_common_all.o)
                                                  spi-mems.o
spi_send_lsb_first                                ../../../../../libopencm3//lib/libopencm3_stm32f4.a(spi_common_all.o)
spi_send_msb_first                                ../../../../../libopencm3//lib/libopencm3_stm32f4.a(spi_common_all.o)
spi_set_baudrate_prescaler                        ../../../../../libopencm3//lib/libopencm3_stm32f4.a(spi_common_all.o)
                                                  spi-mems.o
spi_set_bidirectional_mode                        ../../../../../libopencm3//lib/libopencm3_stm32f4.a(spi_common_all.o)
spi_set_bidirectional_receive_only_mode           ../../../../../libopencm3//lib/libopencm3_stm32f4.a(spi_common_all.o)
spi_set_bidirectional_transmit_only_mode          ../../../../../libopencm3//lib/libopencm3_stm32f4.a(spi_common_all.o)
spi_set_clock_phase_0                             ../../../../../libopencm3//lib/libopencm3_stm32f4.a(spi_common_all.o)
                                                  spi-mems.o
spi_set_clock_phase_1                             ../../../../../libopencm3//lib/libopencm3_stm32f4.a(spi_common_all.o)
spi_set_clock_polarity_0                          ../../../../../libopencm3//lib/libopencm3_stm32f4.a(spi_common_all.o)
                                                  spi-mems.o
spi_set_clock_polarity_1                          ../../../../../libopencm3//lib/libopencm3_stm32f4.a(spi_common_all.o)
spi_set_dff_16bit                                 ../../../../../libopencm3//lib/libopencm3_stm32f4.a(spi_common_v1.o)
spi_set_dff_8bit                                  ../../../../../libopencm3//lib/libopencm3_stm32f4.a(spi_common_v1.o)
                                                  spi-mems.o
spi_set_full_duplex_mode                          ../../../../../libopencm3//lib/libopencm3_stm32f4.a(spi_common_all.o)
spi_set_master_mode                               ../../../../../libopencm3//lib/libopencm3_stm32f4.a(spi_common_all.o)
                                                  spi-mems.o
spi_set_next_tx_from_buffer                       ../../../../../libopencm3//lib/libopencm3_stm32f4.a(spi_common_all.o)
spi_set_next_tx_from_crc                          ../../../../../libopencm3//lib/libopencm3_stm32f4.a(spi_common_all.o)
spi_set_nss_high                                  ../../../../../libopencm3//lib/libopencm3_stm32f4.a(spi_common_all.o)
                                                  spi-mems.o
spi_set_nss_low                                   ../../../../../libopencm3//lib/libopencm3_stm32f4.a(spi_common_all.o)
spi_set_receive_only_mode                         ../../../../../libopencm3//lib/libopencm3_stm32f4.a(spi_common_all.o)
spi_set_slave_mode                                ../../../../../libopencm3//lib/libopencm3_stm32f4.a(spi_common_all.o)
spi_set_standard_mode                             ../../../../../libopencm3//lib/libopencm3_stm32f4.a(spi_common_all.o)
spi_set_unidirectional_mode                       ../../../../../libopencm3//lib/libopencm3_stm32f4.a(spi_common_all.o)
spi_write                                         ../../../../../libopencm3//lib/libopencm3_stm32f4.a(spi_common_all.o)
spi_xfer                                          ../../../../../libopencm3//lib/libopencm3_stm32f4.a(spi_common_all.o)
sv_call_handler                                   ../../../../../libopencm3//lib/libopencm3_stm32f4.a(vector.o)
sys_tick_handler                                  clock.o
systick_clear                                     ../../../../../libopencm3//lib/libopencm3_stm32f4.a(systick.o)
systick_counter_disable                           ../../../../../libopencm3//lib/libopencm3_stm32f4.a(systick.o)
systick_counter_enable                            ../../../../../libopencm3//lib/libopencm3_stm32f4.a(systick.o)
                                                  clock.o
systick_get_calib                                 ../../../../../libopencm3//lib/libopencm3_stm32f4.a(systick.o)
systick_get_countflag                             ../../../../../libopencm3//lib/libopencm3_stm32f4.a(systick.o)
systick_get_reload                                ../../../../../libopencm3//lib/libopencm3_stm32f4.a(systick.o)
systick_get_value                                 ../../../../../libopencm3//lib/libopencm3_stm32f4.a(systick.o)
systick_interrupt_disable                         ../../../../../libopencm3//lib/libopencm3_stm32f4.a(systick.o)
systick_interrupt_enable                          ../../../../../libopencm3//lib/libopencm3_stm32f4.a(systick.o)
                                                  clock.o
systick_set_clocksource                           ../../../../../libopencm3//lib/libopencm3_stm32f4.a(systick.o)
                                                  clock.o
systick_set_frequency                             ../../../../../libopencm3//lib/libopencm3_stm32f4.a(systick.o)
systick_set_reload                                ../../../../../libopencm3//lib/libopencm3_stm32f4.a(systick.o)
                                                  clock.o
tamp_stamp_isr                                    ../../../../../libopencm3//lib/libopencm3_stm32f4.a(vector.o)
tim1_brk_tim9_isr                                 ../../../../../libopencm3//lib/libopencm3_stm32f4.a(vector.o)
tim1_cc_isr                                       ../../../../../libopencm3//lib/libopencm3_stm32f4.a(vector.o)
tim1_trg_com_tim11_isr                            ../../../../../libopencm3//lib/libopencm3_stm32f4.a(vector.o)
tim1_up_tim10_isr                                 ../../../../../libopencm3//lib/libopencm3_stm32f4.a(vector.o)
tim2_isr                                          ../../../../../libopencm3//lib/libopencm3_stm32f4.a(vector.o)
tim3_isr                                          ../../../../../libopencm3//lib/libopencm3_stm32f4.a(vector.o)
tim4_isr                                          ../../../../../libopencm3//lib/libopencm3_stm32f4.a(vector.o)
tim5_isr                                          ../../../../../libopencm3//lib/libopencm3_stm32f4.a(vector.o)
tim6_dac_isr                                      ../../../../../libopencm3//lib/libopencm3_stm32f4.a(vector.o)
tim7_isr                                          ../../../../../libopencm3//lib/libopencm3_stm32f4.a(vector.o)
tim8_brk_tim12_isr                                ../../../../../libopencm3//lib/libopencm3_stm32f4.a(vector.o)
tim8_cc_isr                                       ../../../../../libopencm3//lib/libopencm3_stm32f4.a(vector.o)
tim8_trg_com_tim14_isr                            ../../../../../libopencm3//lib/libopencm3_stm32f4.a(vector.o)
tim8_up_tim13_isr                                 ../../../../../libopencm3//lib/libopencm3_stm32f4.a(vector.o)
uart4_isr                                         ../../../../../libopencm3//lib/libopencm3_stm32f4.a(vector.o)
uart5_isr                                         ../../../../../libopencm3//lib/libopencm3_stm32f4.a(vector.o)
uart7_isr                                         ../../../../../libopencm3//lib/libopencm3_stm32f4.a(vector.o)
uart8_isr                                         ../../../../../libopencm3//lib/libopencm3_stm32f4.a(vector.o)
usage_fault_handler                               ../../../../../libopencm3//lib/libopencm3_stm32f4.a(vector.o)
usart1_isr                                        console.o
usart2_isr                                        ../../../../../libopencm3//lib/libopencm3_stm32f4.a(vector.o)
usart3_isr                                        ../../../../../libopencm3//lib/libopencm3_stm32f4.a(vector.o)
usart6_isr                                        ../../../../../libopencm3//lib/libopencm3_stm32f4.a(vector.o)
usart_disable                                     ../../../../../libopencm3//lib/libopencm3_stm32f4.a(usart_common_all.o)
usart_disable_error_interrupt                     ../../../../../libopencm3//lib/libopencm3_stm32f4.a(usart_common_all.o)
usart_disable_idle_interrupt                      ../../../../../libopencm3//lib/libopencm3_stm32f4.a(usart_common_all.o)
usart_disable_rx_dma                              ../../../../../libopencm3//lib/libopencm3_stm32f4.a(usart_common_all.o)
usart_disable_rx_interrupt                        ../../../../../libopencm3//lib/libopencm3_stm32f4.a(usart_common_all.o)
usart_disable_tx_complete_interrupt               ../../../../../libopencm3//lib/libopencm3_stm32f4.a(usart_common_all.o)
usart_disable_tx_dma                              ../../../../../libopencm3//lib/libopencm3_stm32f4.a(usart_common_all.o)
usart_disable_tx_interrupt                        ../../../../../libopencm3//lib/libopencm3_stm32f4.a(usart_common_all.o)
usart_enable                                      ../../../../../libopencm3//lib/libopencm3_stm32f4.a(usart_common_all.o)
                                                  spi-mems.o
                                                  console.o
usart_enable_error_interrupt                      ../../../../../libopencm3//lib/libopencm3_stm32f4.a(usart_common_all.o)
usart_enable_idle_interrupt                       ../../../../../libopencm3//lib/libopencm3_stm32f4.a(usart_common_all.o)
usart_enable_rx_dma                               ../../../../../libopencm3//lib/libopencm3_stm32f4.a(usart_common_all.o)
usart_enable_rx_interrupt                         ../../../../../libopencm3//lib/libopencm3_stm32f4.a(usart_common_all.o)
                                                  console.o
usart_enable_tx_complete_interrupt                ../../../../../libopencm3//lib/libopencm3_stm32f4.a(usart_common_all.o)
usart_enable_tx_dma                               ../../../../../libopencm3//lib/libopencm3_stm32f4.a(usart_common_all.o)
usart_enable_tx_interrupt                         ../../../../../libopencm3//lib/libopencm3_stm32f4.a(usart_common_all.o)
usart_get_flag                                    ../../../../../libopencm3//lib/libopencm3_stm32f4.a(usart_common_f124.o)
usart_recv                                        ../../../../../libopencm3//lib/libopencm3_stm32f4.a(usart_common_f124.o)
                                                  ../../../../../libopencm3//lib/libopencm3_stm32f4.a(usart_common_all.o)
usart_recv_blocking                               ../../../../../libopencm3//lib/libopencm3_stm32f4.a(usart_common_all.o)
usart_send                                        ../../../../../libopencm3//lib/libopencm3_stm32f4.a(usart_common_f124.o)
                                                  ../../../../../libopencm3//lib/libopencm3_stm32f4.a(usart_common_all.o)
usart_send_blocking                               ../../../../../libopencm3//lib/libopencm3_stm32f4.a(usart_common_all.o)
                                                  spi-mems.o
usart_set_baudrate                                ../../../../../libopencm3//lib/libopencm3_stm32f4.a(usart_common_all.o)
                                                  spi-mems.o
                                                  console.o
usart_set_databits                                ../../../../../libopencm3//lib/libopencm3_stm32f4.a(usart_common_all.o)
                                                  spi-mems.o
                                                  console.o
usart_set_flow_control                            ../../../../../libopencm3//lib/libopencm3_stm32f4.a(usart_common_all.o)
                                                  spi-mems.o
                                                  console.o
usart_set_mode                                    ../../../../../libopencm3//lib/libopencm3_stm32f4.a(usart_common_all.o)
                                                  spi-mems.o
                                                  console.o
usart_set_parity                                  ../../../../../libopencm3//lib/libopencm3_stm32f4.a(usart_common_all.o)
                                                  spi-mems.o
                                                  console.o
usart_set_stopbits                                ../../../../../libopencm3//lib/libopencm3_stm32f4.a(usart_common_all.o)
                                                  spi-mems.o
                                                  console.o
usart_wait_recv_ready                             ../../../../../libopencm3//lib/libopencm3_stm32f4.a(usart_common_f124.o)
                                                  ../../../../../libopencm3//lib/libopencm3_stm32f4.a(usart_common_all.o)
usart_wait_send_ready                             ../../../../../libopencm3//lib/libopencm3_stm32f4.a(usart_common_f124.o)
                                                  ../../../../../libopencm3//lib/libopencm3_stm32f4.a(usart_common_all.o)
usb_fs_wkup_isr                                   ../../../../../libopencm3//lib/libopencm3_stm32f4.a(vector.o)
vector_table                                      ../../../../../libopencm3//lib/libopencm3_stm32f4.a(vector.o)
write_register                                    spi-mems.o
x_baseline                                        spi-mems.o
y_baseline                                        spi-mems.o
z_baseline                                        spi-mems.o
